what
what
what???
what???
what???
SUSHI {
  "foo": "bar"
}
SUSHI {
  "foo": "bar2"
}
SUSHI {
  "foo": "bar3"
}
SUSHI {
  "foo": "bar3"
}
SUSHI {
  "foo": "bar3"
}
SUSHI {
  "foo": "bar4"
}
SUSHI {
  "foo": "bar4"
}
SUSHI {
  "foo": "bar4"
}
SUSHI {
  "foo": "bar4"
}
SUSHI {
  "foo": "bar4"
}
SUSHI {
  "foo": "bar4"
}
SUSHI {
  "foo": "bar4"
}
SUSHI {
  "foo": "bar4"
}
SUSHI {
  "foo": "bar4"
}
SUSHI {
  "foo": "bar4"
}
SUSHI {
  "foo": "bar4"
}
SUSHI {
  "foo": "bar4"
}
SUSHI {
  "foo": "bar4"
}
SUSHI {
  "foo": "bar4"
}
SUSHI {
  "foo": "bar4"
}
SUSHI {
  "foo": "bar5"
}
SUSHI {
  "foo": "bar5"
}
SUSHI {
  "foo": "bar5"
}
SUSHI {
  "foo": "bar5"
}
SUSHI {
  "foo": "bar6"
}
